W These options have been removed and were ignored: --delete-conflicting-outputs
  0s freezed on 488 inputs; lib/core/backup/backup_crypto.dart
W SDK language version 3.12.0 is newer than `analyzer` language version 3.10.0. Run `flutter packages upgrade`.
  5s freezed on 488 inputs: 3 skipped, 1 no-op; spent 5s analyzing; lib/core/backup/recurring_backup_data.dart
  6s freezed on 488 inputs: 296 skipped, 27 no-op; spent 6s analyzing; lib/presentation/shared/router/route_arguments.dart
  6s freezed on 488 inputs: 457 skipped, 31 no-op; spent 6s analyzing
  0s json_serializable on 976 inputs; lib/core/backup/backup_crypto.dart
  1s json_serializable on 976 inputs: 837 skipped, 139 no-op
  0s drift_dev on 3904 inputs; lib/core/backup/backup_crypto.dart
  0s drift_dev on 3904 inputs: 1312 skipped, 187 same; lib/presentation/recurring/recurring_management_screen.freezed.dart
  0s drift_dev on 3904 inputs: 3487 skipped, 278 same, 139 no-op
  0s source_gen:combining_builder on 1952 inputs; lib/core/backup/backup_crypto.dart
  0s source_gen:combining_builder on 1952 inputs: 1952 skipped
  0s mockito:mockBuilder on 1144 inputs; test/core/backup/backup_crypto_test.dart
  0s mockito:mockBuilder on 1144 inputs: 1074 skipped, 70 no-op
  0s injectable_generator:injectable_builder on 5048 inputs; lib/core/backup/backup_crypto.dart
  0s injectable_generator:injectable_builder on 5048 inputs: 2444 skipped, 1 output, 25 same, 36 no-op; lib/presentation/shared/components/step_progress.dart.types.temp.g.dart
  0s injectable_generator:injectable_builder on 5048 inputs: 4909 skipped, 1 output, 25 same, 113 no-op
  0s injectable_generator:injectable_config_builder on 5048 inputs; lib/core/backup/backup_crypto.dart
W injectable_generator:injectable_config_builder on lib/core/di/di_setup.dart:
  Missing dependencies in on_time_front/core/di/di_setup.dart

  [AlarmRepositoryImpl] depends on unregistered type [RecurringScheduleRepository] from package:on_time_front/domain/repositories/recurring_schedule_repository.dart
  [ScheduleRepositoryImpl] depends on unregistered type [RecurringScheduleRepository] from package:on_time_front/domain/repositories/recurring_schedule_repository.dart
  [CreateScheduleFormSubmissionUseCase] depends on unregistered type [RecurringSchedulesUseCase] from package:on_time_front/domain/use-cases/recurring_schedules_use_case.dart
  [UpdateScheduleFormSubmissionUseCase] depends on unregistered type [RecurringSchedulesUseCase] from package:on_time_front/domain/use-cases/recurring_schedules_use_case.dart
  [AuthBloc] depends on unregistered type [RuntimePrivacyMigration] from package:on_time_front/core/services/runtime_privacy_migration.dart
  [ScheduleFormBloc] depends on unregistered type [RecurringSchedulesUseCase] from package:on_time_front/domain/use-cases/recurring_schedules_use_case.dart

  Did you forget to annotate the above class(s) or their implementation with @injectable?
  or add the right environment keys?
  ------------------------------------------------------------------------

  0s injectable_generator:injectable_config_builder on 5048 inputs: 5016 skipped, 1 output, 31 no-op
  Built with build_runner/aot in 10s; wrote 305 outputs.
